2025-12-13 07:00:45,093 - INFO - 🚀 Starting NetMonitor Real-time Monitoring Service...
2025-12-13 07:00:45,093 - INFO - 📡 API URL: http://localhost:8001
2025-12-13 07:00:45,094 - INFO - ⏱️ Check interval: 30 seconds (REAL-TIME)
2025-12-13 07:00:45,094 - INFO - 🕒 Timezone: GMT+7 (Asia/Jakarta)
2025-12-13 07:00:45,757 - INFO - ✅ Login successful as admin@wastukancana.ac.id
2025-12-13 07:00:45,757 - INFO - ==================================================
2025-12-13 07:00:45,757 - INFO - 🔄 Starting monitoring cycle at 2025-12-13 07:00:45 WIB
2025-12-13 07:00:45,758 - INFO - ==================================================
2025-12-13 07:00:45,798 - INFO - 📡 Fetched 1 devices
2025-12-13 07:00:45,798 - INFO - 🔍 Checking WindowsPC-1 (192.168.1.1)...
2025-12-13 07:00:45,799 - WARNING - 🚨 ALERT: Device WindowsPC-1 went DOWN (was unknown)
2025-12-13 07:00:45,802 - WARNING - ⚠️ Alert creation failed: 405 - {"detail":"Method Not Allowed"}
2025-12-13 07:00:45,808 - INFO -   ❌ DOWN - Response: N/A, Loss: 100.0%
2025-12-13 07:00:45,849 - INFO - ✅ Monitoring cycle completed - checked 1 devices
2025-12-13 07:00:45,849 - INFO - 💤 Next check in 30 seconds...
2025-12-13 07:00:51,208 - INFO - 👋 Received interrupt signal. Shutting down...
2025-12-13 07:22:04,305 - INFO - 🚀 Starting NetMonitor Real-time Monitoring Service...
2025-12-13 07:22:04,310 - INFO - 📡 API URL: http://localhost:8001
2025-12-13 07:22:04,310 - INFO - ⏱️ Check interval: 30 seconds (REAL-TIME)
2025-12-13 07:22:04,311 - INFO - 🕒 Timezone: GMT+7 (Asia/Jakarta)
2025-12-13 07:22:04,311 - INFO - 📥 Loaded 0 buffered alerts
2025-12-13 07:22:04,311 - INFO - 📥 Loaded 0 buffered status updates
2025-12-13 07:22:04,312 - INFO - 📥 Loaded state for 1 devices
2025-12-13 07:22:04,660 - INFO - ✅ Login successful as admin@wastukancana.ac.id
2025-12-13 07:22:04,660 - INFO - ==================================================
2025-12-13 07:22:04,660 - INFO - 🔄 Starting monitoring cycle at 2025-12-13 07:22:04 WIB
2025-12-13 07:22:04,661 - INFO - ==================================================
2025-12-13 07:22:04,671 - INFO - 📡 Fetched 0 devices
2025-12-13 07:22:04,671 - INFO - ✅ Monitoring cycle completed - checked 0 devices
2025-12-13 07:22:04,671 - INFO - 💤 Next check in 30 seconds...
2025-12-13 07:22:34,672 - INFO - ==================================================
2025-12-13 07:22:34,672 - INFO - 🔄 Starting monitoring cycle at 2025-12-13 07:22:34 WIB
2025-12-13 07:22:34,672 - INFO - ==================================================
2025-12-13 07:22:34,682 - INFO - 📡 Fetched 0 devices
2025-12-13 07:22:34,683 - INFO - ✅ Monitoring cycle completed - checked 0 devices
2025-12-13 07:22:34,683 - INFO - 💤 Next check in 30 seconds...
2025-12-13 07:22:36,843 - INFO - 👋 Received interrupt signal. Shutting down...
